mode: set
github.com/uncloud-cc/ocw/pkg/schema/build_step.go:46.78,48.38 2 0
github.com/uncloud-cc/ocw/pkg/schema/build_step.go:48.38,51.3 2 0
github.com/uncloud-cc/ocw/pkg/schema/build_step.go:53.2,54.39 2 0
github.com/uncloud-cc/ocw/pkg/schema/build_step.go:54.39,57.3 2 0
github.com/uncloud-cc/ocw/pkg/schema/build_step.go:59.2,60.38 2 0
github.com/uncloud-cc/ocw/pkg/schema/build_step.go:60.38,63.3 2 0
github.com/uncloud-cc/ocw/pkg/schema/build_step.go:65.2,66.39 2 0
github.com/uncloud-cc/ocw/pkg/schema/build_step.go:66.39,69.3 2 0
github.com/uncloud-cc/ocw/pkg/schema/build_step.go:71.2,71.12 1 0
github.com/uncloud-cc/ocw/pkg/schema/build_step.go:75.57,76.21 1 0
github.com/uncloud-cc/ocw/pkg/schema/build_step.go:76.21,78.3 1 0
github.com/uncloud-cc/ocw/pkg/schema/build_step.go:79.2,79.22 1 0
github.com/uncloud-cc/ocw/pkg/schema/build_step.go:79.22,81.3 1 0
github.com/uncloud-cc/ocw/pkg/schema/build_step.go:82.2,82.21 1 0
github.com/uncloud-cc/ocw/pkg/schema/build_step.go:82.21,84.3 1 0
github.com/uncloud-cc/ocw/pkg/schema/build_step.go:85.2,85.23 1 0
github.com/uncloud-cc/ocw/pkg/schema/build_step.go:102.79,104.38 2 0
github.com/uncloud-cc/ocw/pkg/schema/build_step.go:104.38,107.3 2 0
github.com/uncloud-cc/ocw/pkg/schema/build_step.go:109.2,110.38 2 0
github.com/uncloud-cc/ocw/pkg/schema/build_step.go:110.38,113.3 2 0
github.com/uncloud-cc/ocw/pkg/schema/build_step.go:115.2,115.12 1 0
github.com/uncloud-cc/ocw/pkg/schema/build_step.go:119.58,120.18 1 0
github.com/uncloud-cc/ocw/pkg/schema/build_step.go:120.18,122.3 1 0
github.com/uncloud-cc/ocw/pkg/schema/build_step.go:123.2,123.21 1 0
github.com/uncloud-cc/ocw/pkg/schema/build_step.go:144.79,146.39 2 0
github.com/uncloud-cc/ocw/pkg/schema/build_step.go:146.39,149.3 2 0
github.com/uncloud-cc/ocw/pkg/schema/build_step.go:151.2,152.38 2 0
github.com/uncloud-cc/ocw/pkg/schema/build_step.go:152.38,155.3 2 0
github.com/uncloud-cc/ocw/pkg/schema/build_step.go:157.2,157.12 1 0
github.com/uncloud-cc/ocw/pkg/schema/build_step.go:161.58,162.19 1 0
github.com/uncloud-cc/ocw/pkg/schema/build_step.go:162.19,164.3 1 0
github.com/uncloud-cc/ocw/pkg/schema/build_step.go:165.2,165.22 1 0
github.com/uncloud-cc/ocw/pkg/schema/config.go:24.73,27.42 2 1
github.com/uncloud-cc/ocw/pkg/schema/config.go:27.42,31.3 3 1
github.com/uncloud-cc/ocw/pkg/schema/config.go:34.2,38.46 2 1
github.com/uncloud-cc/ocw/pkg/schema/config.go:38.46,42.3 3 1
github.com/uncloud-cc/ocw/pkg/schema/config.go:44.2,44.12 1 0
github.com/uncloud-cc/ocw/pkg/schema/config.go:48.52,49.16 1 1
github.com/uncloud-cc/ocw/pkg/schema/config.go:49.16,57.3 1 1
github.com/uncloud-cc/ocw/pkg/schema/config.go:58.2,58.21 1 1
github.com/uncloud-cc/ocw/pkg/schema/config.go:81.78,84.42 2 1
github.com/uncloud-cc/ocw/pkg/schema/config.go:84.42,87.3 2 1
github.com/uncloud-cc/ocw/pkg/schema/config.go:90.2,91.43 2 1
github.com/uncloud-cc/ocw/pkg/schema/config.go:91.43,94.3 2 1
github.com/uncloud-cc/ocw/pkg/schema/config.go:96.2,96.12 1 0
github.com/uncloud-cc/ocw/pkg/schema/config.go:100.57,101.21 1 1
github.com/uncloud-cc/ocw/pkg/schema/config.go:101.21,103.3 1 1
github.com/uncloud-cc/ocw/pkg/schema/config.go:104.2,104.21 1 1
github.com/uncloud-cc/ocw/pkg/schema/jobs.go:48.36,49.25 1 1
github.com/uncloud-cc/ocw/pkg/schema/jobs.go:49.25,51.3 1 1
github.com/uncloud-cc/ocw/pkg/schema/jobs.go:52.2,52.25 1 1
github.com/uncloud-cc/ocw/pkg/schema/jobs.go:52.25,54.3 1 1
github.com/uncloud-cc/ocw/pkg/schema/jobs.go:55.2,55.21 1 1
github.com/uncloud-cc/ocw/pkg/schema/jobs.go:55.21,57.3 1 1
github.com/uncloud-cc/ocw/pkg/schema/jobs.go:58.2,58.19 1 1
github.com/uncloud-cc/ocw/pkg/schema/jobs.go:58.19,60.3 1 1
github.com/uncloud-cc/ocw/pkg/schema/jobs.go:61.2,61.11 1 1
github.com/uncloud-cc/ocw/pkg/schema/jobs.go:65.33,66.25 1 1
github.com/uncloud-cc/ocw/pkg/schema/jobs.go:66.25,68.3 1 1
github.com/uncloud-cc/ocw/pkg/schema/jobs.go:69.2,69.25 1 1
github.com/uncloud-cc/ocw/pkg/schema/jobs.go:69.25,71.3 1 1
github.com/uncloud-cc/ocw/pkg/schema/jobs.go:72.2,72.19 1 1
github.com/uncloud-cc/ocw/pkg/schema/jobs.go:72.19,74.3 1 1
github.com/uncloud-cc/ocw/pkg/schema/jobs.go:75.2,75.12 1 1
github.com/uncloud-cc/ocw/pkg/schema/jobs.go:79.70,83.42 3 1
github.com/uncloud-cc/ocw/pkg/schema/jobs.go:83.42,85.3 1 0
github.com/uncloud-cc/ocw/pkg/schema/jobs.go:87.2,90.27 2 1
github.com/uncloud-cc/ocw/pkg/schema/jobs.go:90.27,93.43 2 1
github.com/uncloud-cc/ocw/pkg/schema/jobs.go:93.43,95.4 1 0
github.com/uncloud-cc/ocw/pkg/schema/jobs.go:98.3,98.46 1 1
github.com/uncloud-cc/ocw/pkg/schema/jobs.go:98.46,100.43 2 1
github.com/uncloud-cc/ocw/pkg/schema/jobs.go:100.43,102.5 1 0
github.com/uncloud-cc/ocw/pkg/schema/jobs.go:103.4,103.34 1 1
github.com/uncloud-cc/ocw/pkg/schema/jobs.go:104.9,104.53 1 1
github.com/uncloud-cc/ocw/pkg/schema/jobs.go:104.53,106.43 2 1
github.com/uncloud-cc/ocw/pkg/schema/jobs.go:106.43,108.5 1 0
github.com/uncloud-cc/ocw/pkg/schema/jobs.go:109.4,109.36 1 1
github.com/uncloud-cc/ocw/pkg/schema/jobs.go:113.2,113.12 1 1
github.com/uncloud-cc/ocw/pkg/schema/jsonschema.go:11.73,13.2 1 0
github.com/uncloud-cc/ocw/pkg/schema/jsonschema.go:17.60,24.2 1 0
github.com/uncloud-cc/ocw/pkg/schema/jsonschema.go:28.57,38.2 1 0
github.com/uncloud-cc/ocw/pkg/schema/jsonschema.go:42.55,49.2 1 0
github.com/uncloud-cc/ocw/pkg/schema/jsonschema.go:53.53,60.2 1 0
github.com/uncloud-cc/ocw/pkg/schema/jsonschema.go:64.52,79.2 3 0
github.com/uncloud-cc/ocw/pkg/schema/jsonschema.go:83.52,125.2 12 0
github.com/uncloud-cc/ocw/pkg/schema/jsonschema.go:129.53,151.2 6 0
github.com/uncloud-cc/ocw/pkg/schema/jsonschema.go:155.52,163.2 2 0
github.com/uncloud-cc/ocw/pkg/schema/jsonschema.go:167.45,178.2 1 0
github.com/uncloud-cc/ocw/pkg/schema/run_step.go:46.73,49.46 2 1
github.com/uncloud-cc/ocw/pkg/schema/run_step.go:49.46,52.3 2 1
github.com/uncloud-cc/ocw/pkg/schema/run_step.go:55.2,56.45 2 1
github.com/uncloud-cc/ocw/pkg/schema/run_step.go:56.45,58.33 2 1
github.com/uncloud-cc/ocw/pkg/schema/run_step.go:58.33,60.4 1 1
github.com/uncloud-cc/ocw/pkg/schema/run_step.go:61.3,61.13 1 1
github.com/uncloud-cc/ocw/pkg/schema/run_step.go:65.2,66.46 2 1
github.com/uncloud-cc/ocw/pkg/schema/run_step.go:66.46,69.26 2 1
github.com/uncloud-cc/ocw/pkg/schema/run_step.go:69.26,70.32 1 1
github.com/uncloud-cc/ocw/pkg/schema/run_step.go:70.32,72.5 1 1
github.com/uncloud-cc/ocw/pkg/schema/run_step.go:73.4,73.33 1 1
github.com/uncloud-cc/ocw/pkg/schema/run_step.go:73.33,75.5 1 1
github.com/uncloud-cc/ocw/pkg/schema/run_step.go:77.3,77.13 1 1
github.com/uncloud-cc/ocw/pkg/schema/run_step.go:80.2,80.12 1 0
github.com/uncloud-cc/ocw/pkg/schema/run_step.go:84.52,85.23 1 1
github.com/uncloud-cc/ocw/pkg/schema/run_step.go:85.23,87.3 1 1
github.com/uncloud-cc/ocw/pkg/schema/run_step.go:89.2,90.28 2 1
github.com/uncloud-cc/ocw/pkg/schema/run_step.go:90.28,91.60 1 1
github.com/uncloud-cc/ocw/pkg/schema/run_step.go:91.60,93.9 2 1
github.com/uncloud-cc/ocw/pkg/schema/run_step.go:96.2,96.15 1 1
github.com/uncloud-cc/ocw/pkg/schema/run_step.go:96.15,97.24 1 1
github.com/uncloud-cc/ocw/pkg/schema/run_step.go:97.24,99.4 1 1
github.com/uncloud-cc/ocw/pkg/schema/run_step.go:101.3,102.29 2 1
github.com/uncloud-cc/ocw/pkg/schema/run_step.go:102.29,104.4 1 1
github.com/uncloud-cc/ocw/pkg/schema/run_step.go:105.3,105.20 1 1
github.com/uncloud-cc/ocw/pkg/schema/run_step.go:108.2,108.21 1 1
github.com/uncloud-cc/ocw/pkg/schema/schema.go:49.36,50.25 1 1
github.com/uncloud-cc/ocw/pkg/schema/schema.go:50.25,52.3 1 1
github.com/uncloud-cc/ocw/pkg/schema/schema.go:53.2,53.25 1 1
github.com/uncloud-cc/ocw/pkg/schema/schema.go:53.25,55.3 1 1
github.com/uncloud-cc/ocw/pkg/schema/schema.go:56.2,56.21 1 1
github.com/uncloud-cc/ocw/pkg/schema/schema.go:56.21,58.3 1 1
github.com/uncloud-cc/ocw/pkg/schema/schema.go:59.2,59.11 1 1
github.com/uncloud-cc/ocw/pkg/schema/schema.go:63.36,65.2 1 1
github.com/uncloud-cc/ocw/pkg/schema/schema.go:68.30,70.2 1 1
github.com/uncloud-cc/ocw/pkg/schema/schema.go:73.40,74.19 1 1
github.com/uncloud-cc/ocw/pkg/schema/schema.go:74.19,76.3 1 0
github.com/uncloud-cc/ocw/pkg/schema/schema.go:77.2,78.9 2 1
github.com/uncloud-cc/ocw/pkg/schema/schema.go:78.9,80.3 1 1
github.com/uncloud-cc/ocw/pkg/schema/schema.go:81.2,81.13 1 1
github.com/uncloud-cc/ocw/pkg/schema/schema.go:85.38,86.19 1 1
github.com/uncloud-cc/ocw/pkg/schema/schema.go:86.19,88.3 1 0
github.com/uncloud-cc/ocw/pkg/schema/schema.go:89.2,90.27 2 1
github.com/uncloud-cc/ocw/pkg/schema/schema.go:90.27,92.3 1 1
github.com/uncloud-cc/ocw/pkg/schema/schema.go:93.2,93.14 1 1
github.com/uncloud-cc/ocw/pkg/schema/schema.go:97.33,98.25 1 1
github.com/uncloud-cc/ocw/pkg/schema/schema.go:98.25,100.3 1 1
github.com/uncloud-cc/ocw/pkg/schema/schema.go:101.2,101.25 1 1
github.com/uncloud-cc/ocw/pkg/schema/schema.go:101.25,103.3 1 1
github.com/uncloud-cc/ocw/pkg/schema/schema.go:104.2,104.12 1 1
github.com/uncloud-cc/ocw/pkg/schema/schema.go:108.39,110.51 2 1
github.com/uncloud-cc/ocw/pkg/schema/schema.go:110.51,112.3 1 1
github.com/uncloud-cc/ocw/pkg/schema/schema.go:113.2,113.18 1 1
github.com/uncloud-cc/ocw/pkg/schema/schema.go:117.43,119.16 2 0
github.com/uncloud-cc/ocw/pkg/schema/schema.go:119.16,121.3 1 0
github.com/uncloud-cc/ocw/pkg/schema/schema.go:122.2,122.20 1 0
github.com/uncloud-cc/ocw/pkg/schema/schema.go:126.41,128.2 1 1
github.com/uncloud-cc/ocw/pkg/schema/steps.go:50.86,52.43 2 1
github.com/uncloud-cc/ocw/pkg/schema/steps.go:52.43,55.3 2 1
github.com/uncloud-cc/ocw/pkg/schema/steps.go:57.2,58.45 2 1
github.com/uncloud-cc/ocw/pkg/schema/steps.go:58.45,61.3 2 1
github.com/uncloud-cc/ocw/pkg/schema/steps.go:63.2,63.12 1 0
github.com/uncloud-cc/ocw/pkg/schema/steps.go:67.65,68.21 1 1
github.com/uncloud-cc/ocw/pkg/schema/steps.go:68.21,70.3 1 1
github.com/uncloud-cc/ocw/pkg/schema/steps.go:71.2,71.24 1 1
github.com/uncloud-cc/ocw/pkg/schema/steps.go:81.83,83.38 2 1
github.com/uncloud-cc/ocw/pkg/schema/steps.go:83.38,86.3 2 1
github.com/uncloud-cc/ocw/pkg/schema/steps.go:88.2,89.39 2 1
github.com/uncloud-cc/ocw/pkg/schema/steps.go:89.39,92.3 2 1
github.com/uncloud-cc/ocw/pkg/schema/steps.go:94.2,94.12 1 0
github.com/uncloud-cc/ocw/pkg/schema/steps.go:98.62,99.18 1 1
github.com/uncloud-cc/ocw/pkg/schema/steps.go:99.18,101.3 1 1
github.com/uncloud-cc/ocw/pkg/schema/steps.go:102.2,102.21 1 1
github.com/uncloud-cc/ocw/pkg/schema/steps.go:112.81,114.40 2 1
github.com/uncloud-cc/ocw/pkg/schema/steps.go:114.40,117.3 2 1
github.com/uncloud-cc/ocw/pkg/schema/steps.go:119.2,120.38 2 1
github.com/uncloud-cc/ocw/pkg/schema/steps.go:120.38,123.3 2 1
github.com/uncloud-cc/ocw/pkg/schema/steps.go:125.2,125.12 1 0
github.com/uncloud-cc/ocw/pkg/schema/steps.go:129.60,130.21 1 1
github.com/uncloud-cc/ocw/pkg/schema/steps.go:130.21,132.3 1 1
github.com/uncloud-cc/ocw/pkg/schema/steps.go:133.2,133.22 1 1
github.com/uncloud-cc/ocw/pkg/schema/steps.go:160.78,162.43 2 1
github.com/uncloud-cc/ocw/pkg/schema/steps.go:162.43,165.3 2 1
github.com/uncloud-cc/ocw/pkg/schema/steps.go:167.2,168.45 2 1
github.com/uncloud-cc/ocw/pkg/schema/steps.go:168.45,171.3 2 1
github.com/uncloud-cc/ocw/pkg/schema/steps.go:173.2,173.12 1 0
github.com/uncloud-cc/ocw/pkg/schema/steps.go:177.57,178.21 1 0
github.com/uncloud-cc/ocw/pkg/schema/steps.go:178.21,180.3 1 0
github.com/uncloud-cc/ocw/pkg/schema/steps.go:181.2,181.24 1 0
github.com/uncloud-cc/ocw/pkg/schema/steps.go:212.71,215.42 2 1
github.com/uncloud-cc/ocw/pkg/schema/steps.go:215.42,217.3 1 1
github.com/uncloud-cc/ocw/pkg/schema/steps.go:220.2,220.36 1 1
github.com/uncloud-cc/ocw/pkg/schema/steps.go:220.36,222.42 2 0
github.com/uncloud-cc/ocw/pkg/schema/steps.go:222.42,224.4 1 0
github.com/uncloud-cc/ocw/pkg/schema/steps.go:225.3,226.13 2 0
github.com/uncloud-cc/ocw/pkg/schema/steps.go:229.2,229.36 1 1
github.com/uncloud-cc/ocw/pkg/schema/steps.go:229.36,231.42 2 0
github.com/uncloud-cc/ocw/pkg/schema/steps.go:231.42,233.4 1 0
github.com/uncloud-cc/ocw/pkg/schema/steps.go:234.3,235.13 2 0
github.com/uncloud-cc/ocw/pkg/schema/steps.go:238.2,238.36 1 1
github.com/uncloud-cc/ocw/pkg/schema/steps.go:238.36,240.42 2 0
github.com/uncloud-cc/ocw/pkg/schema/steps.go:240.42,242.4 1 0
github.com/uncloud-cc/ocw/pkg/schema/steps.go:243.3,244.13 2 0
github.com/uncloud-cc/ocw/pkg/schema/steps.go:247.2,247.34 1 1
github.com/uncloud-cc/ocw/pkg/schema/steps.go:247.34,249.42 2 0
github.com/uncloud-cc/ocw/pkg/schema/steps.go:249.42,251.4 1 0
github.com/uncloud-cc/ocw/pkg/schema/steps.go:252.3,253.13 2 0
github.com/uncloud-cc/ocw/pkg/schema/steps.go:256.2,256.33 1 1
github.com/uncloud-cc/ocw/pkg/schema/steps.go:256.33,258.42 2 1
github.com/uncloud-cc/ocw/pkg/schema/steps.go:258.42,260.4 1 0
github.com/uncloud-cc/ocw/pkg/schema/steps.go:261.3,262.13 2 1
github.com/uncloud-cc/ocw/pkg/schema/steps.go:266.2,266.33 1 1
github.com/uncloud-cc/ocw/pkg/schema/steps.go:266.33,268.42 2 1
github.com/uncloud-cc/ocw/pkg/schema/steps.go:268.42,270.4 1 0
github.com/uncloud-cc/ocw/pkg/schema/steps.go:271.3,272.13 2 1
github.com/uncloud-cc/ocw/pkg/schema/steps.go:275.2,275.119 1 0
github.com/uncloud-cc/ocw/pkg/schema/steps.go:279.50,280.22 1 1
github.com/uncloud-cc/ocw/pkg/schema/steps.go:280.22,282.3 1 1
github.com/uncloud-cc/ocw/pkg/schema/steps.go:283.2,283.24 1 0
github.com/uncloud-cc/ocw/pkg/schema/steps.go:283.24,285.3 1 0
github.com/uncloud-cc/ocw/pkg/schema/steps.go:286.2,286.27 1 0
github.com/uncloud-cc/ocw/pkg/schema/steps.go:286.27,288.3 1 0
github.com/uncloud-cc/ocw/pkg/schema/steps.go:289.2,289.27 1 0
github.com/uncloud-cc/ocw/pkg/schema/steps.go:289.27,291.3 1 0
github.com/uncloud-cc/ocw/pkg/schema/steps.go:292.2,292.27 1 0
github.com/uncloud-cc/ocw/pkg/schema/steps.go:292.27,294.3 1 0
github.com/uncloud-cc/ocw/pkg/schema/steps.go:295.2,295.25 1 0
github.com/uncloud-cc/ocw/pkg/schema/steps.go:295.25,297.3 1 0
github.com/uncloud-cc/ocw/pkg/schema/steps.go:298.2,298.17 1 0
github.com/uncloud-cc/ocw/pkg/schema/validate.go:19.41,20.18 1 1
github.com/uncloud-cc/ocw/pkg/schema/validate.go:20.18,22.3 1 1
github.com/uncloud-cc/ocw/pkg/schema/validate.go:23.2,23.49 1 1
github.com/uncloud-cc/ocw/pkg/schema/validate.go:29.42,30.17 1 1
github.com/uncloud-cc/ocw/pkg/schema/validate.go:30.17,32.3 1 1
github.com/uncloud-cc/ocw/pkg/schema/validate.go:33.2,33.17 1 1
github.com/uncloud-cc/ocw/pkg/schema/validate.go:33.17,35.3 1 1
github.com/uncloud-cc/ocw/pkg/schema/validate.go:36.2,37.24 2 1
github.com/uncloud-cc/ocw/pkg/schema/validate.go:37.24,39.3 1 1
github.com/uncloud-cc/ocw/pkg/schema/validate.go:40.2,40.12 1 1
github.com/uncloud-cc/ocw/pkg/schema/validate.go:44.43,45.17 1 1
github.com/uncloud-cc/ocw/pkg/schema/validate.go:45.17,47.3 1 1
github.com/uncloud-cc/ocw/pkg/schema/validate.go:48.2,48.10 1 1
github.com/uncloud-cc/ocw/pkg/schema/validate.go:57.32,59.2 1 1
github.com/uncloud-cc/ocw/pkg/schema/validate.go:61.54,63.18 2 1
github.com/uncloud-cc/ocw/pkg/schema/validate.go:63.18,65.3 1 1
github.com/uncloud-cc/ocw/pkg/schema/validate.go:66.2,66.52 1 1
github.com/uncloud-cc/ocw/pkg/schema/validate.go:69.53,72.2 2 1
github.com/uncloud-cc/ocw/pkg/schema/validate.go:74.42,76.2 1 1
github.com/uncloud-cc/ocw/pkg/schema/validate.go:78.59,80.2 1 1
github.com/uncloud-cc/ocw/pkg/schema/validate.go:82.45,84.2 1 1
github.com/uncloud-cc/ocw/pkg/schema/validate.go:87.32,91.27 2 1
github.com/uncloud-cc/ocw/pkg/schema/validate.go:91.27,93.3 1 1
github.com/uncloud-cc/ocw/pkg/schema/validate.go:94.2,94.18 1 1
github.com/uncloud-cc/ocw/pkg/schema/validate.go:94.18,96.3 1 1
github.com/uncloud-cc/ocw/pkg/schema/validate.go:99.2,99.16 1 1
github.com/uncloud-cc/ocw/pkg/schema/validate.go:99.16,101.3 1 1
github.com/uncloud-cc/ocw/pkg/schema/validate.go:104.2,105.25 2 1
github.com/uncloud-cc/ocw/pkg/schema/validate.go:105.25,107.3 1 1
github.com/uncloud-cc/ocw/pkg/schema/validate.go:108.2,108.25 1 1
github.com/uncloud-cc/ocw/pkg/schema/validate.go:108.25,110.3 1 1
github.com/uncloud-cc/ocw/pkg/schema/validate.go:111.2,111.21 1 1
github.com/uncloud-cc/ocw/pkg/schema/validate.go:111.21,113.3 1 0
github.com/uncloud-cc/ocw/pkg/schema/validate.go:116.2,119.32 3 1
github.com/uncloud-cc/ocw/pkg/schema/validate.go:119.32,121.3 1 1
github.com/uncloud-cc/ocw/pkg/schema/validate.go:123.2,123.19 1 1
github.com/uncloud-cc/ocw/pkg/schema/validate.go:123.19,125.3 1 0
github.com/uncloud-cc/ocw/pkg/schema/validate.go:128.2,128.13 1 1
github.com/uncloud-cc/ocw/pkg/schema/validate.go:128.13,129.34 1 1
github.com/uncloud-cc/ocw/pkg/schema/validate.go:129.34,133.37 2 1
github.com/uncloud-cc/ocw/pkg/schema/validate.go:133.37,135.5 1 0
github.com/uncloud-cc/ocw/pkg/schema/validate.go:137.4,138.15 2 1
github.com/uncloud-cc/ocw/pkg/schema/validate.go:143.2,143.25 1 1
github.com/uncloud-cc/ocw/pkg/schema/validate.go:143.25,144.35 1 1
github.com/uncloud-cc/ocw/pkg/schema/validate.go:144.35,148.4 3 1
github.com/uncloud-cc/ocw/pkg/schema/validate.go:150.2,150.25 1 1
github.com/uncloud-cc/ocw/pkg/schema/validate.go:150.25,151.35 1 1
github.com/uncloud-cc/ocw/pkg/schema/validate.go:151.35,155.4 3 1
github.com/uncloud-cc/ocw/pkg/schema/validate.go:157.2,157.21 1 1
github.com/uncloud-cc/ocw/pkg/schema/validate.go:157.21,159.3 1 0
github.com/uncloud-cc/ocw/pkg/schema/validate.go:161.2,161.27 1 1
github.com/uncloud-cc/ocw/pkg/schema/validate.go:164.43,167.27 2 1
github.com/uncloud-cc/ocw/pkg/schema/validate.go:167.27,169.3 1 1
github.com/uncloud-cc/ocw/pkg/schema/validate.go:170.2,170.27 1 1
github.com/uncloud-cc/ocw/pkg/schema/validate.go:170.27,172.3 1 1
github.com/uncloud-cc/ocw/pkg/schema/validate.go:173.2,173.23 1 1
github.com/uncloud-cc/ocw/pkg/schema/validate.go:173.23,175.3 1 0
github.com/uncloud-cc/ocw/pkg/schema/validate.go:176.2,176.21 1 1
github.com/uncloud-cc/ocw/pkg/schema/validate.go:176.21,178.3 1 0
github.com/uncloud-cc/ocw/pkg/schema/validate.go:180.2,180.20 1 1
github.com/uncloud-cc/ocw/pkg/schema/validate.go:180.20,182.3 1 1
github.com/uncloud-cc/ocw/pkg/schema/validate.go:182.8,182.26 1 1
github.com/uncloud-cc/ocw/pkg/schema/validate.go:182.26,184.3 1 0
github.com/uncloud-cc/ocw/pkg/schema/validate.go:187.2,187.27 1 1
github.com/uncloud-cc/ocw/pkg/schema/validate.go:187.27,188.37 1 1
github.com/uncloud-cc/ocw/pkg/schema/validate.go:188.37,192.4 3 1
github.com/uncloud-cc/ocw/pkg/schema/validate.go:194.2,194.27 1 1
github.com/uncloud-cc/ocw/pkg/schema/validate.go:194.27,195.37 1 1
github.com/uncloud-cc/ocw/pkg/schema/validate.go:195.37,199.4 3 1
github.com/uncloud-cc/ocw/pkg/schema/validate.go:201.2,201.23 1 1
github.com/uncloud-cc/ocw/pkg/schema/validate.go:201.23,203.3 1 0
github.com/uncloud-cc/ocw/pkg/schema/validate.go:204.2,204.21 1 1
github.com/uncloud-cc/ocw/pkg/schema/validate.go:204.21,206.3 1 0
github.com/uncloud-cc/ocw/pkg/schema/validate.go:209.57,210.32 1 1
github.com/uncloud-cc/ocw/pkg/schema/validate.go:210.32,212.3 1 1
github.com/uncloud-cc/ocw/pkg/schema/validate.go:215.46,216.9 1 1
github.com/uncloud-cc/ocw/pkg/schema/validate.go:217.27,218.34 1 1
github.com/uncloud-cc/ocw/pkg/schema/validate.go:219.29,220.38 1 1
github.com/uncloud-cc/ocw/pkg/schema/validate.go:221.32,222.44 1 0
github.com/uncloud-cc/ocw/pkg/schema/validate.go:223.32,224.44 1 0
github.com/uncloud-cc/ocw/pkg/schema/validate.go:225.32,226.44 1 0
github.com/uncloud-cc/ocw/pkg/schema/validate.go:227.30,228.40 1 0
github.com/uncloud-cc/ocw/pkg/schema/validate.go:229.10,230.107 1 0
github.com/uncloud-cc/ocw/pkg/schema/validate.go:234.52,236.21 1 1
github.com/uncloud-cc/ocw/pkg/schema/validate.go:236.21,238.3 1 1
github.com/uncloud-cc/ocw/pkg/schema/validate.go:241.2,241.19 1 1
github.com/uncloud-cc/ocw/pkg/schema/validate.go:241.19,243.3 1 1
github.com/uncloud-cc/ocw/pkg/schema/validate.go:246.2,246.22 1 1
github.com/uncloud-cc/ocw/pkg/schema/validate.go:246.22,248.3 1 0
github.com/uncloud-cc/ocw/pkg/schema/validate.go:251.2,251.44 1 1
github.com/uncloud-cc/ocw/pkg/schema/validate.go:251.44,253.3 1 0
github.com/uncloud-cc/ocw/pkg/schema/validate.go:256.2,256.24 1 1
github.com/uncloud-cc/ocw/pkg/schema/validate.go:256.24,257.42 1 0
github.com/uncloud-cc/ocw/pkg/schema/validate.go:257.42,259.60 2 0
github.com/uncloud-cc/ocw/pkg/schema/validate.go:259.60,261.5 1 0
github.com/uncloud-cc/ocw/pkg/schema/validate.go:262.4,262.74 1 0
github.com/uncloud-cc/ocw/pkg/schema/validate.go:262.74,264.5 1 0
github.com/uncloud-cc/ocw/pkg/schema/validate.go:266.4,266.134 1 0
github.com/uncloud-cc/ocw/pkg/schema/validate.go:266.134,268.5 1 0
github.com/uncloud-cc/ocw/pkg/schema/validate.go:273.56,275.21 1 1
github.com/uncloud-cc/ocw/pkg/schema/validate.go:275.21,277.3 1 1
github.com/uncloud-cc/ocw/pkg/schema/validate.go:280.2,280.19 1 1
github.com/uncloud-cc/ocw/pkg/schema/validate.go:280.19,282.3 1 0
github.com/uncloud-cc/ocw/pkg/schema/validate.go:285.2,285.28 1 1
github.com/uncloud-cc/ocw/pkg/schema/validate.go:285.28,287.3 1 0
github.com/uncloud-cc/ocw/pkg/schema/validate.go:290.62,292.19 1 0
github.com/uncloud-cc/ocw/pkg/schema/validate.go:292.19,294.3 1 0
github.com/uncloud-cc/ocw/pkg/schema/validate.go:296.2,296.29 1 0
github.com/uncloud-cc/ocw/pkg/schema/validate.go:296.29,298.3 1 0
github.com/uncloud-cc/ocw/pkg/schema/validate.go:300.2,300.34 1 0
github.com/uncloud-cc/ocw/pkg/schema/validate.go:300.34,304.3 3 0
github.com/uncloud-cc/ocw/pkg/schema/validate.go:307.62,309.19 1 0
github.com/uncloud-cc/ocw/pkg/schema/validate.go:309.19,311.3 1 0
github.com/uncloud-cc/ocw/pkg/schema/validate.go:313.2,313.29 1 0
github.com/uncloud-cc/ocw/pkg/schema/validate.go:313.29,315.3 1 0
github.com/uncloud-cc/ocw/pkg/schema/validate.go:317.2,317.34 1 0
github.com/uncloud-cc/ocw/pkg/schema/validate.go:317.34,321.3 3 0
github.com/uncloud-cc/ocw/pkg/schema/validate.go:324.62,325.30 1 0
github.com/uncloud-cc/ocw/pkg/schema/validate.go:325.30,327.3 1 0
github.com/uncloud-cc/ocw/pkg/schema/validate.go:330.2,330.34 1 0
github.com/uncloud-cc/ocw/pkg/schema/validate.go:330.34,333.48 1 0
github.com/uncloud-cc/ocw/pkg/schema/validate.go:333.48,335.4 1 0
github.com/uncloud-cc/ocw/pkg/schema/validate.go:336.3,338.44 1 0
github.com/uncloud-cc/ocw/pkg/schema/validate.go:338.44,340.4 1 0
github.com/uncloud-cc/ocw/pkg/schema/validate.go:344.58,346.19 1 0
github.com/uncloud-cc/ocw/pkg/schema/validate.go:346.19,348.3 1 0
github.com/uncloud-cc/ocw/pkg/schema/validate.go:350.2,350.23 1 0
github.com/uncloud-cc/ocw/pkg/schema/validate.go:350.23,352.3 1 0
github.com/uncloud-cc/ocw/pkg/schema/validate.go:354.2,354.25 1 0
github.com/uncloud-cc/ocw/pkg/schema/validate.go:354.25,356.3 1 0
github.com/uncloud-cc/ocw/pkg/schema/validate.go:358.2,358.45 1 0
github.com/uncloud-cc/ocw/pkg/schema/validate.go:358.45,362.3 3 0
github.com/uncloud-cc/ocw/pkg/schema/validate.go:364.2,364.25 1 0
github.com/uncloud-cc/ocw/pkg/schema/validate.go:364.25,368.3 3 0
github.com/uncloud-cc/ocw/pkg/schema/validate.go:371.116,372.44 1 0
github.com/uncloud-cc/ocw/pkg/schema/validate.go:372.44,374.3 1 0
github.com/uncloud-cc/ocw/pkg/schema/validate.go:376.2,376.21 1 0
github.com/uncloud-cc/ocw/pkg/schema/validate.go:376.21,378.3 1 0
github.com/uncloud-cc/ocw/pkg/schema/validate.go:380.2,380.41 1 0
github.com/uncloud-cc/ocw/pkg/schema/validate.go:380.41,384.3 3 0
github.com/uncloud-cc/ocw/pkg/schema/validate.go:386.2,386.24 1 0
github.com/uncloud-cc/ocw/pkg/schema/validate.go:386.24,390.3 3 0
github.com/uncloud-cc/ocw/pkg/schema/validate.go:393.59,394.23 1 0
github.com/uncloud-cc/ocw/pkg/schema/validate.go:394.23,396.3 1 0
github.com/uncloud-cc/ocw/pkg/schema/validate.go:396.8,396.32 1 0
github.com/uncloud-cc/ocw/pkg/schema/validate.go:396.32,397.34 1 0
github.com/uncloud-cc/ocw/pkg/schema/validate.go:397.34,401.4 3 0
github.com/uncloud-cc/ocw/pkg/schema/validate.go:402.8,404.3 1 0
github.com/uncloud-cc/ocw/pkg/schema/validate.go:408.50,410.16 2 0
github.com/uncloud-cc/ocw/pkg/schema/validate.go:410.16,412.3 1 0
github.com/uncloud-cc/ocw/pkg/schema/validate.go:414.2,414.39 1 0
github.com/uncloud-cc/ocw/pkg/schema/validate.go:414.39,416.3 1 0
github.com/uncloud-cc/ocw/pkg/schema/validate.go:418.2,418.17 1 0
github.com/uncloud-cc/ocw/pkg/schema/validate.go:422.54,424.16 2 0
github.com/uncloud-cc/ocw/pkg/schema/validate.go:424.16,426.3 1 0
github.com/uncloud-cc/ocw/pkg/schema/validate.go:428.2,428.39 1 0
github.com/uncloud-cc/ocw/pkg/schema/validate.go:428.39,430.3 1 0
github.com/uncloud-cc/ocw/pkg/schema/validate.go:432.2,432.17 1 0
github.com/uncloud-cc/ocw/pkg/schema/validate.go:436.40,439.2 2 0
github.com/uncloud-cc/ocw/pkg/schema/validate.go:442.54,444.25 2 0
github.com/uncloud-cc/ocw/pkg/schema/validate.go:444.25,446.3 1 0
github.com/uncloud-cc/ocw/pkg/schema/validate.go:447.2,447.12 1 0
github.com/uncloud-cc/ocw/pkg/schema/volumes.go:53.77,56.43 2 1
github.com/uncloud-cc/ocw/pkg/schema/volumes.go:56.43,59.3 2 1
github.com/uncloud-cc/ocw/pkg/schema/volumes.go:62.2,63.44 2 1
github.com/uncloud-cc/ocw/pkg/schema/volumes.go:63.44,65.29 2 1
github.com/uncloud-cc/ocw/pkg/schema/volumes.go:65.29,67.4 1 1
github.com/uncloud-cc/ocw/pkg/schema/volumes.go:68.3,69.13 2 1
github.com/uncloud-cc/ocw/pkg/schema/volumes.go:73.2,74.41 2 1
github.com/uncloud-cc/ocw/pkg/schema/volumes.go:74.41,76.3 1 0
github.com/uncloud-cc/ocw/pkg/schema/volumes.go:77.2,78.12 2 1
github.com/uncloud-cc/ocw/pkg/schema/volumes.go:82.56,83.17 1 0
github.com/uncloud-cc/ocw/pkg/schema/volumes.go:83.17,85.3 1 0
github.com/uncloud-cc/ocw/pkg/schema/volumes.go:88.2,89.24 2 0
github.com/uncloud-cc/ocw/pkg/schema/volumes.go:89.24,90.49 1 0
github.com/uncloud-cc/ocw/pkg/schema/volumes.go:90.49,92.9 2 0
github.com/uncloud-cc/ocw/pkg/schema/volumes.go:96.2,96.15 1 0
github.com/uncloud-cc/ocw/pkg/schema/volumes.go:96.15,97.18 1 0
github.com/uncloud-cc/ocw/pkg/schema/volumes.go:97.18,99.4 1 0
github.com/uncloud-cc/ocw/pkg/schema/volumes.go:100.3,101.25 2 0
github.com/uncloud-cc/ocw/pkg/schema/volumes.go:101.25,103.4 1 0
github.com/uncloud-cc/ocw/pkg/schema/volumes.go:104.3,104.20 1 0
github.com/uncloud-cc/ocw/pkg/schema/volumes.go:107.2,107.28 1 0
github.com/uncloud-cc/ocw/pkg/schema/watch.go:37.72,40.38 2 1
github.com/uncloud-cc/ocw/pkg/schema/watch.go:40.38,43.3 2 1
github.com/uncloud-cc/ocw/pkg/schema/watch.go:46.2,47.38 2 1
github.com/uncloud-cc/ocw/pkg/schema/watch.go:47.38,50.3 2 1
github.com/uncloud-cc/ocw/pkg/schema/watch.go:53.2,54.39 2 1
github.com/uncloud-cc/ocw/pkg/schema/watch.go:54.39,57.3 2 1
github.com/uncloud-cc/ocw/pkg/schema/watch.go:60.2,61.38 2 1
github.com/uncloud-cc/ocw/pkg/schema/watch.go:61.38,64.3 2 1
github.com/uncloud-cc/ocw/pkg/schema/watch.go:66.2,66.12 1 0
github.com/uncloud-cc/ocw/pkg/schema/watch.go:70.51,71.19 1 1
github.com/uncloud-cc/ocw/pkg/schema/watch.go:71.19,73.3 1 1
github.com/uncloud-cc/ocw/pkg/schema/watch.go:74.2,74.21 1 1
github.com/uncloud-cc/ocw/pkg/schema/watch.go:74.21,76.3 1 1
github.com/uncloud-cc/ocw/pkg/schema/watch.go:77.2,77.22 1 1
github.com/uncloud-cc/ocw/pkg/schema/watch.go:77.22,79.3 1 1
github.com/uncloud-cc/ocw/pkg/schema/watch.go:80.2,80.21 1 0
github.com/uncloud-cc/ocw/pkg/schema/watch.go:80.21,82.3 1 0
github.com/uncloud-cc/ocw/pkg/schema/watch.go:83.2,83.17 1 0
github.com/uncloud-cc/ocw/pkg/schema/watch.go:87.34,88.14 1 1
github.com/uncloud-cc/ocw/pkg/schema/watch.go:88.14,90.3 1 1
github.com/uncloud-cc/ocw/pkg/schema/watch.go:91.2,91.19 1 1
github.com/uncloud-cc/ocw/pkg/schema/watch.go:91.19,93.3 1 1
github.com/uncloud-cc/ocw/pkg/schema/watch.go:95.2,95.63 1 1
github.com/uncloud-cc/ocw/pkg/schema/watch.go:99.37,100.14 1 1
github.com/uncloud-cc/ocw/pkg/schema/watch.go:100.14,102.3 1 1
github.com/uncloud-cc/ocw/pkg/schema/watch.go:103.2,103.21 1 1
github.com/uncloud-cc/ocw/pkg/schema/watch.go:103.21,105.3 1 1
github.com/uncloud-cc/ocw/pkg/schema/watch.go:106.2,106.22 1 1
github.com/uncloud-cc/ocw/pkg/schema/watch.go:106.22,108.3 1 1
github.com/uncloud-cc/ocw/pkg/schema/watch.go:109.2,109.21 1 1
github.com/uncloud-cc/ocw/pkg/schema/watch.go:109.21,111.3 1 1
github.com/uncloud-cc/ocw/pkg/schema/watch.go:112.2,112.12 1 1
github.com/uncloud-cc/ocw/pkg/schema/watch.go:116.37,117.56 1 1
github.com/uncloud-cc/ocw/pkg/schema/watch.go:117.56,119.3 1 1
github.com/uncloud-cc/ocw/pkg/schema/watch.go:120.2,120.31 1 1
github.com/uncloud-cc/ocw/pkg/schema/watch.go:124.43,125.65 1 1
github.com/uncloud-cc/ocw/pkg/schema/watch.go:125.65,127.3 1 1
github.com/uncloud-cc/ocw/pkg/schema/watch.go:128.2,128.13 1 1
github.com/uncloud-cc/ocw/pkg/schema/watch.go:132.46,133.68 1 1
github.com/uncloud-cc/ocw/pkg/schema/watch.go:133.68,135.3 1 1
github.com/uncloud-cc/ocw/pkg/schema/watch.go:136.2,136.13 1 1
github.com/uncloud-cc/ocw/pkg/schema/watch.go:140.46,141.33 1 1
github.com/uncloud-cc/ocw/pkg/schema/watch.go:141.33,143.3 1 1
github.com/uncloud-cc/ocw/pkg/schema/watch.go:144.2,144.12 1 1
